{"message": "main_entered", "data": {"raw_ct": "D:\\FLARE_DATA\\ct_brain\\raw", "raw_ct_exists": true}, "hypothesisId": "H1", "location": "preprocess_ct.main", "timestamp": 1771091661165}
{"message": "preprocess_start", "data": {"raw_ct": "D:\\FLARE_DATA\\ct_brain\\raw", "raw_ct_exists": true, "patient_dirs_count": 31, "labels_count": 491}, "hypothesisId": "H1", "location": "preprocess_ct.main", "timestamp": 1771091711810}
{"message": "preprocess_to_process", "data": {"to_process_count": 1, "limit": 1}, "hypothesisId": "H2", "location": "preprocess_ct.main", "timestamp": 1771091711818}
{"message": "main_entered", "data": {"raw_ct": "D:\\FLARE_DATA\\ct_brain\\raw", "raw_ct_exists": true}, "hypothesisId": "H1", "location": "preprocess_ct.main", "timestamp": 1771093160747}
{"message": "preprocess_start", "data": {"raw_ct": "D:\\FLARE_DATA\\ct_brain\\raw", "raw_ct_exists": true, "patient_dirs_count": 31, "labels_count": 491}, "hypothesisId": "H1", "location": "preprocess_ct.main", "timestamp": 1771093202229}
{"message": "preprocess_to_process", "data": {"to_process_count": 31, "limit": null}, "hypothesisId": "H2", "location": "preprocess_ct.main", "timestamp": 1771093202229}
{"message": "preprocess_skip", "data": {"patient_id": "CQ500-CT-0", "error": "[Errno 22] Invalid argument: 'D:\\\\FLARE_DATA\\\\ct_brain\\\\raw\\\\CQ500-CT-0\\\\CT_SELECTED\\\\CT000162.dcm'", "error_type": "OSError"}, "hypothesisId": "H3", "location": "preprocess_ct.main", "timestamp": 1771104766040}
{"message": "preprocess_skip", "data": {"patient_id": "CQ500-CT-0", "error": "[Errno 22] Invalid argument: 'D:\\\\FLARE_DATA\\\\ct_brain\\\\raw\\\\CQ500-CT-0\\\\CT_SELECTED\\\\CT000218.dcm'", "error_type": "OSError"}, "hypothesisId": "H3", "location": "preprocess_ct.main", "timestamp": 1771104766043}
{"message": "preprocess_done", "data": {"manifest_count": 0, "manifest_path": "D:\\FLARE_DATA\\ct_brain\\meta\\ct_processed_manifest.json"}, "hypothesisId": "H4", "location": "preprocess_ct.main", "timestamp": 1771104766048}
{"message": "main_entered", "data": {"raw_ct": "D:\\FLARE_DATA\\ct_brain\\raw", "raw_ct_exists": false}, "hypothesisId": "H1", "location": "preprocess_ct.main", "timestamp": 1771258129351}
{"message": "main_entered", "data": {"raw_ct": "D:\\FLARE_DATA\\ct_brain\\raw", "raw_ct_exists": false}, "hypothesisId": "H1", "location": "preprocess_ct.main", "timestamp": 1771258296694}
{"message": "main_entered", "data": {"raw_ct": "D:\\FLARE_DATA\\ct_brain\\raw", "raw_ct_exists": false}, "hypothesisId": "H1", "location": "preprocess_ct.main", "timestamp": 1771258347194}
{"message": "main_entered", "data": {"raw_ct": "D:\\FLARE_DATA\\ct_brain\\raw", "raw_ct_exists": true}, "hypothesisId": "H1", "location": "preprocess_ct.main", "timestamp": 1771258394300}
{"message": "preprocess_start", "data": {"raw_ct": "D:\\FLARE_DATA\\ct_brain\\raw", "raw_ct_exists": true, "patient_dirs_count": 31, "labels_count": 491}, "hypothesisId": "H1", "location": "preprocess_ct.main", "timestamp": 1771258394326}
{"message": "preprocess_to_process", "data": {"to_process_count": 1, "limit": 1}, "hypothesisId": "H2", "location": "preprocess_ct.main", "timestamp": 1771258394335}
{"message": "preprocess_done", "data": {"manifest_count": 1, "manifest_path": "D:\\FLARE_DATA\\ct_brain\\meta\\ct_processed_manifest.json"}, "hypothesisId": "H4", "location": "preprocess_ct.main", "timestamp": 1771258408527}
{"message": "main_entered", "data": {"raw_ct": "D:\\FLARE_DATA\\ct_brain\\raw", "raw_ct_exists": false}, "hypothesisId": "H1", "location": "preprocess_ct.main", "timestamp": 1771264485565}
{"message": "main_entered", "data": {"raw_ct": "D:\\FLARE_DATA\\ct_brain\\raw", "raw_ct_exists": true}, "hypothesisId": "H1", "location": "preprocess_ct.main", "timestamp": 1771265815554}
{"message": "preprocess_start", "data": {"raw_ct": "D:\\FLARE_DATA\\ct_brain\\raw", "raw_ct_exists": true, "patient_dirs_count": 31, "labels_count": 491}, "hypothesisId": "H1", "location": "preprocess_ct.main", "timestamp": 1771265815650}
{"message": "preprocess_to_process", "data": {"to_process_count": 1, "limit": 1}, "hypothesisId": "H2", "location": "preprocess_ct.main", "timestamp": 1771265815651}
{"message": "preprocess_done", "data": {"manifest_count": 1, "manifest_path": "D:\\FLARE_DATA\\ct_brain\\meta\\ct_processed_manifest.json"}, "hypothesisId": "H4", "location": "preprocess_ct.main", "timestamp": 1771265829940}
{"message": "main_entered", "data": {"raw_ct": "D:\\FLARE_DATA\\ct_brain\\raw", "raw_ct_exists": true}, "hypothesisId": "H1", "location": "preprocess_ct.main", "timestamp": 1771266117235}
{"message": "preprocess_start", "data": {"raw_ct": "D:\\FLARE_DATA\\ct_brain\\raw", "raw_ct_exists": true, "patient_dirs_count": 31, "labels_count": 491}, "hypothesisId": "H1", "location": "preprocess_ct.main", "timestamp": 1771266117244}
{"message": "preprocess_to_process", "data": {"to_process_count": 31, "limit": null}, "hypothesisId": "H2", "location": "preprocess_ct.main", "timestamp": 1771266117246}
{"message": "preprocess_skip", "data": {"patient_id": "CQ500-CT-117", "error": "list index out of range", "error_type": "IndexError"}, "hypothesisId": "H3", "location": "preprocess_ct.main", "timestamp": 1771266207115}
{"message": "preprocess_skip", "data": {"patient_id": "CQ500-CT-119", "error": "list index out of range", "error_type": "IndexError"}, "hypothesisId": "H3", "location": "preprocess_ct.main", "timestamp": 1771266207963}
{"message": "preprocess_skip", "data": {"patient_id": "CQ500-CT-122", "error": "list index out of range", "error_type": "IndexError"}, "hypothesisId": "H3", "location": "preprocess_ct.main", "timestamp": 1771266221709}
{"message": "preprocess_skip", "data": {"patient_id": "CQ500-CT-124", "error": "list index out of range", "error_type": "IndexError"}, "hypothesisId": "H3", "location": "preprocess_ct.main", "timestamp": 1771266222323}
{"message": "preprocess_done", "data": {"manifest_count": 27, "manifest_path": "D:\\FLARE_DATA\\ct_brain\\meta\\ct_processed_manifest.json"}, "hypothesisId": "H4", "location": "preprocess_ct.main", "timestamp": 1771266223492}
{"message": "dataset_init_start", "data": {"manifest_path": "D:\\FLARE_DATA\\ct_brain\\meta\\ct_processed_manifest.json", "manifest_exists": true}, "hypothesisId": "H4", "location": "dataset_ct", "timestamp": 1771267605092}
{"message": "dataset_init", "data": {"manifest_path": "D:\\FLARE_DATA\\ct_brain\\meta\\ct_processed_manifest.json", "manifest_exists": true, "entries_total": 27, "valid_labeled": 27, "split": "train", "self_entries": 18}, "hypothesisId": "H4", "location": "dataset_ct", "timestamp": 1771267605172}
{"message": "dataset_init_start", "data": {"manifest_path": "D:\\FLARE_DATA\\ct_brain\\meta\\ct_processed_manifest.json", "manifest_exists": true}, "hypothesisId": "H4", "location": "dataset_ct", "timestamp": 1771267605172}
{"message": "dataset_init", "data": {"manifest_path": "D:\\FLARE_DATA\\ct_brain\\meta\\ct_processed_manifest.json", "manifest_exists": true, "entries_total": 27, "valid_labeled": 27, "split": "val", "self_entries": 4}, "hypothesisId": "H4", "location": "dataset_ct", "timestamp": 1771267605172}
{"message": "train_start", "data": {"train_len": 18, "val_len": 4, "outputs_dir": "D:\\FLARE_DATA\\ct_brain\\outputs", "outputs_exists": true}, "hypothesisId": "H4", "location": "train_ct", "timestamp": 1771267605172}
{"message": "train_device", "data": {"device": "cpu", "cuda_available": false}, "hypothesisId": "H5", "location": "train_ct", "timestamp": 1771267605438}
{"message": "train_first_batch", "data": {"x_shape": [4, 3, 256, 256], "y_shape": [4]}, "hypothesisId": "H5", "location": "train_ct", "timestamp": 1771267605524}
{"message": "dataset_getitem_first", "data": {"path": "D:\\FLARE_DATA\\ct_brain\\cache\\ct\\CQ500-CT-0\\middle.npz", "path_exists": true}, "hypothesisId": "H4", "location": "dataset_ct", "timestamp": 1771267607131}
{"message": "dataset_getitem_shape", "data": {"arr_shape": [3, 256, 256], "x_shape": [3, 256, 256]}, "hypothesisId": "H5", "location": "dataset_ct", "timestamp": 1771267607145}
{"message": "dataset_getitem_first", "data": {"path": "D:\\FLARE_DATA\\ct_brain\\cache\\ct\\CQ500-CT-10\\middle.npz", "path_exists": true}, "hypothesisId": "H4", "location": "dataset_ct", "timestamp": 1771267607375}
{"message": "dataset_getitem_shape", "data": {"arr_shape": [3, 256, 256], "x_shape": [3, 256, 256]}, "hypothesisId": "H5", "location": "dataset_ct", "timestamp": 1771267607386}
{"message": "dataset_getitem_first", "data": {"path": "D:\\FLARE_DATA\\ct_brain\\cache\\ct\\CQ500-CT-0\\middle.npz", "path_exists": true}, "hypothesisId": "H4", "location": "dataset_ct", "timestamp": 1771267619361}
{"message": "dataset_getitem_shape", "data": {"arr_shape": [3, 256, 256], "x_shape": [3, 256, 256]}, "hypothesisId": "H5", "location": "dataset_ct", "timestamp": 1771267619365}
{"message": "dataset_getitem_first", "data": {"path": "D:\\FLARE_DATA\\ct_brain\\cache\\ct\\CQ500-CT-10\\middle.npz", "path_exists": true}, "hypothesisId": "H4", "location": "dataset_ct", "timestamp": 1771267620547}
{"message": "dataset_getitem_shape", "data": {"arr_shape": [3, 256, 256], "x_shape": [3, 256, 256]}, "hypothesisId": "H5", "location": "dataset_ct", "timestamp": 1771267620552}
{"message": "dataset_getitem_first", "data": {"path": "D:\\FLARE_DATA\\ct_brain\\cache\\ct\\CQ500-CT-0\\middle.npz", "path_exists": true}, "hypothesisId": "H4", "location": "dataset_ct", "timestamp": 1771267621015}
{"message": "dataset_getitem_shape", "data": {"arr_shape": [3, 256, 256], "x_shape": [3, 256, 256]}, "hypothesisId": "H5", "location": "dataset_ct", "timestamp": 1771267621018}
{"message": "dataset_getitem_first", "data": {"path": "D:\\FLARE_DATA\\ct_brain\\cache\\ct\\CQ500-CT-10\\middle.npz", "path_exists": true}, "hypothesisId": "H4", "location": "dataset_ct", "timestamp": 1771267622176}
{"message": "dataset_getitem_shape", "data": {"arr_shape": [3, 256, 256], "x_shape": [3, 256, 256]}, "hypothesisId": "H5", "location": "dataset_ct", "timestamp": 1771267622180}
{"message": "dataset_getitem_first", "data": {"path": "D:\\FLARE_DATA\\ct_brain\\cache\\ct\\CQ500-CT-0\\middle.npz", "path_exists": true}, "hypothesisId": "H4", "location": "dataset_ct", "timestamp": 1771267623584}
{"message": "dataset_getitem_shape", "data": {"arr_shape": [3, 256, 256], "x_shape": [3, 256, 256]}, "hypothesisId": "H5", "location": "dataset_ct", "timestamp": 1771267623586}
{"message": "dataset_getitem_first", "data": {"path": "D:\\FLARE_DATA\\ct_brain\\cache\\ct\\CQ500-CT-10\\middle.npz", "path_exists": true}, "hypothesisId": "H4", "location": "dataset_ct", "timestamp": 1771267623777}
{"message": "dataset_getitem_shape", "data": {"arr_shape": [3, 256, 256], "x_shape": [3, 256, 256]}, "hypothesisId": "H5", "location": "dataset_ct", "timestamp": 1771267623781}
{"message": "dataset_getitem_first", "data": {"path": "D:\\FLARE_DATA\\ct_brain\\cache\\ct\\CQ500-CT-0\\middle.npz", "path_exists": true}, "hypothesisId": "H4", "location": "dataset_ct", "timestamp": 1771267623883}
{"message": "dataset_getitem_shape", "data": {"arr_shape": [3, 256, 256], "x_shape": [3, 256, 256]}, "hypothesisId": "H5", "location": "dataset_ct", "timestamp": 1771267623886}
{"message": "dataset_getitem_first", "data": {"path": "D:\\FLARE_DATA\\ct_brain\\cache\\ct\\CQ500-CT-10\\middle.npz", "path_exists": true}, "hypothesisId": "H4", "location": "dataset_ct", "timestamp": 1771267625355}
{"message": "dataset_getitem_shape", "data": {"arr_shape": [3, 256, 256], "x_shape": [3, 256, 256]}, "hypothesisId": "H5", "location": "dataset_ct", "timestamp": 1771267625359}
{"message": "dataset_getitem_first", "data": {"path": "D:\\FLARE_DATA\\ct_brain\\cache\\ct\\CQ500-CT-0\\middle.npz", "path_exists": true}, "hypothesisId": "H4", "location": "dataset_ct", "timestamp": 1771267625451}
{"message": "dataset_getitem_shape", "data": {"arr_shape": [3, 256, 256], "x_shape": [3, 256, 256]}, "hypothesisId": "H5", "location": "dataset_ct", "timestamp": 1771267625455}
{"message": "dataset_getitem_first", "data": {"path": "D:\\FLARE_DATA\\ct_brain\\cache\\ct\\CQ500-CT-10\\middle.npz", "path_exists": true}, "hypothesisId": "H4", "location": "dataset_ct", "timestamp": 1771267627111}
{"message": "dataset_getitem_shape", "data": {"arr_shape": [3, 256, 256], "x_shape": [3, 256, 256]}, "hypothesisId": "H5", "location": "dataset_ct", "timestamp": 1771267627115}
{"message": "dataset_getitem_first", "data": {"path": "D:\\FLARE_DATA\\ct_brain\\cache\\ct\\CQ500-CT-0\\middle.npz", "path_exists": true}, "hypothesisId": "H4", "location": "dataset_ct", "timestamp": 1771267628221}
{"message": "dataset_getitem_shape", "data": {"arr_shape": [3, 256, 256], "x_shape": [3, 256, 256]}, "hypothesisId": "H5", "location": "dataset_ct", "timestamp": 1771267628225}
{"message": "dataset_getitem_first", "data": {"path": "D:\\FLARE_DATA\\ct_brain\\cache\\ct\\CQ500-CT-10\\middle.npz", "path_exists": true}, "hypothesisId": "H4", "location": "dataset_ct", "timestamp": 1771267628745}
{"message": "dataset_getitem_shape", "data": {"arr_shape": [3, 256, 256], "x_shape": [3, 256, 256]}, "hypothesisId": "H5", "location": "dataset_ct", "timestamp": 1771267628751}
{"message": "dataset_getitem_first", "data": {"path": "D:\\FLARE_DATA\\ct_brain\\cache\\ct\\CQ500-CT-0\\middle.npz", "path_exists": true}, "hypothesisId": "H4", "location": "dataset_ct", "timestamp": 1771267628854}
{"message": "dataset_getitem_shape", "data": {"arr_shape": [3, 256, 256], "x_shape": [3, 256, 256]}, "hypothesisId": "H5", "location": "dataset_ct", "timestamp": 1771267628858}
{"message": "dataset_getitem_first", "data": {"path": "D:\\FLARE_DATA\\ct_brain\\cache\\ct\\CQ500-CT-10\\middle.npz", "path_exists": true}, "hypothesisId": "H4", "location": "dataset_ct", "timestamp": 1771267630347}
{"message": "dataset_getitem_shape", "data": {"arr_shape": [3, 256, 256], "x_shape": [3, 256, 256]}, "hypothesisId": "H5", "location": "dataset_ct", "timestamp": 1771267630351}
{"message": "dataset_getitem_first", "data": {"path": "D:\\FLARE_DATA\\ct_brain\\cache\\ct\\CQ500-CT-0\\middle.npz", "path_exists": true}, "hypothesisId": "H4", "location": "dataset_ct", "timestamp": 1771267630461}
{"message": "dataset_getitem_shape", "data": {"arr_shape": [3, 256, 256], "x_shape": [3, 256, 256]}, "hypothesisId": "H5", "location": "dataset_ct", "timestamp": 1771267630462}
{"message": "dataset_getitem_first", "data": {"path": "D:\\FLARE_DATA\\ct_brain\\cache\\ct\\CQ500-CT-10\\middle.npz", "path_exists": true}, "hypothesisId": "H4", "location": "dataset_ct", "timestamp": 1771267631978}
{"message": "dataset_getitem_shape", "data": {"arr_shape": [3, 256, 256], "x_shape": [3, 256, 256]}, "hypothesisId": "H5", "location": "dataset_ct", "timestamp": 1771267631982}
{"message": "dataset_getitem_first", "data": {"path": "D:\\FLARE_DATA\\ct_brain\\cache\\ct\\CQ500-CT-0\\middle.npz", "path_exists": true}, "hypothesisId": "H4", "location": "dataset_ct", "timestamp": 1771267632445}
{"message": "dataset_getitem_shape", "data": {"arr_shape": [3, 256, 256], "x_shape": [3, 256, 256]}, "hypothesisId": "H5", "location": "dataset_ct", "timestamp": 1771267632447}
{"message": "dataset_getitem_first", "data": {"path": "D:\\FLARE_DATA\\ct_brain\\cache\\ct\\CQ500-CT-10\\middle.npz", "path_exists": true}, "hypothesisId": "H4", "location": "dataset_ct", "timestamp": 1771267633582}
{"message": "dataset_getitem_shape", "data": {"arr_shape": [3, 256, 256], "x_shape": [3, 256, 256]}, "hypothesisId": "H5", "location": "dataset_ct", "timestamp": 1771267633584}
